// Jest Snapshot v1, https://goo.gl/fbAQLP

exports[`<Nav /> snapshot 1`] = `
<nav
  class="nav"
>
  <div
    class="content container"
  >
    <div
      class="notice"
    >
      <img
        class="notice__img"
        src="speaker.gif"
      />
      <ul
        class="notice__list"
      >
        <li
          class="notice__item"
        />
      </ul>
    </div>
    <div
      class="link"
    >
      <ul
        class="link__list"
      >
        <li
          class="link__item"
        >
          <a>
            登录/注册
          </a>
        </li>
        <li
          class="link__item"
        >
          <a>
            会员
          </a>
        </li>
        <li
          class="link__item"
        >
          <a>
            甄选家
          </a>
        </li>
        <li
          class="link__item"
        >
          <a
            class="ant-dropdown-trigger"
          >
            企业采购 
            <span
              aria-label="down"
              class="anticon anticon-down"
              role="img"
            >
              <svg
                aria-hidden="true"
                class=""
                data-icon="down"
                fill="currentColor"
                focusable="false"
                height="1em"
                viewBox="64 64 896 896"
                width="1em"
              >
                <path
                  d="M884 256h-75c-5.1 0-9.9 2.5-12.9 6.6L512 654.2 227.9 262.6c-3-4.1-7.8-6.6-12.9-6.6h-75c-6.5 0-10.3 7.4-6.5 12.7l352.6 486.1c12.8 17.6 39 17.6 51.7 0l352.6-486.1c3.9-5.3.1-12.7-6.4-12.7z"
                />
              </svg>
            </span>
          </a>
        </li>
        <li
          class="link__item"
        >
          <a
            class="ant-dropdown-trigger"
          >
            客户服务 
            <span
              aria-label="down"
              class="anticon anticon-down"
              role="img"
            >
              <svg
                aria-hidden="true"
                class=""
                data-icon="down"
                fill="currentColor"
                focusable="false"
                height="1em"
                viewBox="64 64 896 896"
                width="1em"
              >
                <path
                  d="M884 256h-75c-5.1 0-9.9 2.5-12.9 6.6L512 654.2 227.9 262.6c-3-4.1-7.8-6.6-12.9-6.6h-75c-6.5 0-10.3 7.4-6.5 12.7l352.6 486.1c12.8 17.6 39 17.6 51.7 0l352.6-486.1c3.9-5.3.1-12.7-6.4-12.7z"
                />
              </svg>
            </span>
          </a>
        </li>
        <li
          class="link__item"
        >
          <a>
            <span
              class="link__appIcon"
            />
            APP
          </a>
        </li>
      </ul>
    </div>
  </div>
  <div
    class="login"
  />
</nav>
`;
