// Jest Snapshot v1, https://goo.gl/fbAQLP

exports[`Notice 测试 snapshot 1`] = `
<div
  className="notice"
>
  <nav
    className="nav"
  >
    <div
      className="content container"
    >
      <div
        className="notice"
      >
        <img
          className="notice__img"
          src="speaker.gif"
        />
        <ul
          className="notice__list"
        >
          <li
            className="notice__item"
          />
        </ul>
      </div>
      <div
        className="link"
      >
        <ul
          className="link__list"
        >
          <li
            className="link__item"
          >
            <a
              onClick={[Function]}
            >
              登录/注册
            </a>
          </li>
          <li
            className="link__item"
          >
            <a>
              会员
            </a>
          </li>
          <li
            className="link__item"
          >
            <a>
              甄选家
            </a>
          </li>
          <li
            className="link__item"
          >
            <a
              className="ant-dropdown-trigger"
              onMouseEnter={[Function]}
              onMouseLeave={[Function]}
            >
              企业采购 
              <span
                aria-label="down"
                className="anticon anticon-down"
                role="img"
              >
                <svg
                  aria-hidden="true"
                  className=""
                  data-icon="down"
                  fill="currentColor"
                  focusable="false"
                  height="1em"
                  viewBox="64 64 896 896"
                  width="1em"
                >
                  <path
                    d="M884 256h-75c-5.1 0-9.9 2.5-12.9 6.6L512 654.2 227.9 262.6c-3-4.1-7.8-6.6-12.9-6.6h-75c-6.5 0-10.3 7.4-6.5 12.7l352.6 486.1c12.8 17.6 39 17.6 51.7 0l352.6-486.1c3.9-5.3.1-12.7-6.4-12.7z"
                  />
                </svg>
              </span>
            </a>
          </li>
          <li
            className="link__item"
          >
            <a
              className="ant-dropdown-trigger"
              onMouseEnter={[Function]}
              onMouseLeave={[Function]}
            >
              客户服务 
              <span
                aria-label="down"
                className="anticon anticon-down"
                role="img"
              >
                <svg
                  aria-hidden="true"
                  className=""
                  data-icon="down"
                  fill="currentColor"
                  focusable="false"
                  height="1em"
                  viewBox="64 64 896 896"
                  width="1em"
                >
                  <path
                    d="M884 256h-75c-5.1 0-9.9 2.5-12.9 6.6L512 654.2 227.9 262.6c-3-4.1-7.8-6.6-12.9-6.6h-75c-6.5 0-10.3 7.4-6.5 12.7l352.6 486.1c12.8 17.6 39 17.6 51.7 0l352.6-486.1c3.9-5.3.1-12.7-6.4-12.7z"
                  />
                </svg>
              </span>
            </a>
          </li>
          <li
            className="link__item"
          >
            <a>
              <span
                className="link__appIcon"
              />
              APP
            </a>
          </li>
        </ul>
      </div>
    </div>
    <div
      className="login"
    />
  </nav>
  <header
    className="header"
  >
    <div
      className=""
    >
      <div
        className="container content"
      >
        <a
          className="logo"
          href="/"
          onClick={[Function]}
        >
          <span
            className="logo__img"
          />
        </a>
        <a
          className="smlogo"
          href="/"
          onClick={[Function]}
        >
          <span
            className="smlogo__img"
          />
        </a>
        <a
          className="cart ant-dropdown-trigger"
          href="/cart"
          onClick={[Function]}
          onMouseEnter={[Function]}
          onMouseLeave={[Function]}
        >
          <span
            className="cart__icon"
          />
          <span
            className="cart__title"
          >
            购物车
          </span>
          <span
            className="cart__num"
          >
            0
          </span>
        </a>
        <a
          className="user"
          href="/user"
          onClick={[Function]}
        >
          <span
            className="user__icon"
          />
        </a>
        <div
          className="search"
        >
          <div
            className="search__main"
          >
            <div
              className="search__wrap"
            >
              <div
                className="search__hide"
              >
                &gt;&gt;
              </div>
              <div
                className="search__prefix"
              />
              <input
                className="search__input"
                onChange={[Function]}
                placeholder="搜索"
                type="text"
                value=""
              />
            </div>
            <div
              className="search__btn"
            >
              <div
                className="search__icon"
              />
              <div
                className="search__text"
                onClick={[Function]}
              >
                搜索
              </div>
            </div>
          </div>
        </div>
        <div
          className="loading"
        >
          <div
            className="ant-spin ant-spin-spinning"
          >
            <span
              aria-label="loading"
              className="anticon anticon-loading ant-spin-dot"
              role="img"
              style={
                Object {
                  "fontSize": 24,
                }
              }
            >
              <svg
                aria-hidden="true"
                className="anticon-spin"
                data-icon="loading"
                fill="currentColor"
                focusable="false"
                height="1em"
                viewBox="0 0 1024 1024"
                width="1em"
              >
                <path
                  d="M988 548c-19.9 0-36-16.1-36-36 0-59.4-11.6-117-34.6-171.3a440.45 440.45 0 00-94.3-139.9 437.71 437.71 0 00-139.9-94.3C629 83.6 571.4 72 512 72c-19.9 0-36-16.1-36-36s16.1-36 36-36c69.1 0 136.2 13.5 199.3 40.3C772.3 66 827 103 874 150c47 47 83.9 101.8 109.7 162.7 26.7 63.1 40.2 130.2 40.2 199.3.1 19.9-16 36-35.9 36z"
                />
              </svg>
            </span>
          </div>
        </div>
      </div>
    </div>
  </header>
  <div
    className="container content"
  >
    <div
      className="breadcrumb ant-breadcrumb"
    >
      <span>
        <span
          className="ant-breadcrumb-link"
        >
          <a
            className="breadcrumb__link"
            href="/"
            onClick={[Function]}
          >
            首页
          </a>
        </span>
        <span
          className="ant-breadcrumb-separator"
        >
          &gt;
        </span>
      </span>
      <span>
        <span
          className="ant-breadcrumb-link"
        >
          公告管理
        </span>
        <span
          className="ant-breadcrumb-separator"
        >
          &gt;
        </span>
      </span>
    </div>
  </div>
</div>
`;
